Analysis & Synthesis report for avrage
Wed May 16 21:49:00 2018
Quartus Prime Version 17.1.0 Build 590 10/25/2017 SJ Lite Edition


---------------------
; Table of Contents ;
---------------------
  1. Legal Notice
  2. Analysis & Synthesis Summary
  3. Analysis & Synthesis Settings
  4. Parallel Compilation
  5. Analysis & Synthesis Source Files Read
  6. Analysis & Synthesis Resource Usage Summary
  7. Analysis & Synthesis Resource Utilization by Entity
  8. State Machine - |avrage|controller:inst|ps
  9. Registers Removed During Synthesis
 10. Removed Registers Triggering Further Register Optimizations
 11. General Register Statistics
 12. Post-Synthesis Netlist Statistics for Top Partition
 13. Elapsed Time Per Partition
 14. Analysis & Synthesis Messages
 15. Analysis & Synthesis Suppressed Messages



----------------
; Legal Notice ;
----------------
Copyright (C) 2017  Intel Corporation. All rights reserved.
Your use of Intel Corporation's design tools, logic functions 
and other software and tools, and its AMPP partner logic 
functions, and any output files from any of the foregoing 
(including device programming or simulation files), and any 
associated documentation or information are expressly subject 
to the terms and conditions of the Intel Program License 
Subscription Agreement, the Intel Quartus Prime License Agreement,
the Intel FPGA IP License Agreement, or other applicable license
agreement, including, without limitation, that your use is for
the sole purpose of programming logic devices manufactured by
Intel and sold by Intel or its authorized distributors.  Please
refer to the applicable agreement for further details.



+----------------------------------------------------------------------------------+
; Analysis & Synthesis Summary                                                     ;
+------------------------------------+---------------------------------------------+
; Analysis & Synthesis Status        ; Successful - Wed May 16 21:49:00 2018       ;
; Quartus Prime Version              ; 17.1.0 Build 590 10/25/2017 SJ Lite Edition ;
; Revision Name                      ; avrage                                      ;
; Top-level Entity Name              ; avrage                                      ;
; Family                             ; Cyclone IV GX                               ;
; Total logic elements               ; 1                                           ;
;     Total combinational functions  ; 1                                           ;
;     Dedicated logic registers      ; 1                                           ;
; Total registers                    ; 1                                           ;
; Total pins                         ; 26                                          ;
; Total virtual pins                 ; 0                                           ;
; Total memory bits                  ; 0                                           ;
; Embedded Multiplier 9-bit elements ; 0                                           ;
; Total GXB Receiver Channel PCS     ; 0                                           ;
; Total GXB Receiver Channel PMA     ; 0                                           ;
; Total GXB Transmitter Channel PCS  ; 0                                           ;
; Total GXB Transmitter Channel PMA  ; 0                                           ;
; Total PLLs                         ; 0                                           ;
+------------------------------------+---------------------------------------------+


+----------------------------------------------------------------------------------------------------------------------+
; Analysis & Synthesis Settings                                                                                        ;
+----------------------------------------------------------------------------+--------------------+--------------------+
; Option                                                                     ; Setting            ; Default Value      ;
+----------------------------------------------------------------------------+--------------------+--------------------+
; Device                                                                     ; EP4CGX15BF14A7     ;                    ;
; Top-level entity name                                                      ; avrage             ; avrage             ;
; Family name                                                                ; Cyclone IV GX      ; Cyclone V          ;
; Use smart compilation                                                      ; Off                ; Off                ;
; Enable parallel Assembler and TimeQuest Timing Analyzer during compilation ; On                 ; On                 ;
; Enable compact report table                                                ; Off                ; Off                ;
; Restructure Multiplexers                                                   ; Auto               ; Auto               ;
; Create Debugging Nodes for IP Cores                                        ; Off                ; Off                ;
; Preserve fewer node names                                                  ; On                 ; On                 ;
; Intel FPGA IP Evaluation Mode                                              ; Enable             ; Enable             ;
; Verilog Version                                                            ; Verilog_2001       ; Verilog_2001       ;
; VHDL Version                                                               ; VHDL_1993          ; VHDL_1993          ;
; State Machine Processing                                                   ; Auto               ; Auto               ;
; Safe State Machine                                                         ; Off                ; Off                ;
; Extract Verilog State Machines                                             ; On                 ; On                 ;
; Extract VHDL State Machines                                                ; On                 ; On                 ;
; Ignore Verilog initial constructs                                          ; Off                ; Off                ;
; Iteration limit for constant Verilog loops                                 ; 5000               ; 5000               ;
; Iteration limit for non-constant Verilog loops                             ; 250                ; 250                ;
; Add Pass-Through Logic to Inferred RAMs                                    ; On                 ; On                 ;
; Infer RAMs from Raw Logic                                                  ; On                 ; On                 ;
; Parallel Synthesis                                                         ; On                 ; On                 ;
; DSP Block Balancing                                                        ; Auto               ; Auto               ;
; NOT Gate Push-Back                                                         ; On                 ; On                 ;
; Power-Up Don't Care                                                        ; On                 ; On                 ;
; Remove Redundant Logic Cells                                               ; Off                ; Off                ;
; Remove Duplicate Registers                                                 ; On                 ; On                 ;
; Ignore CARRY Buffers                                                       ; Off                ; Off                ;
; Ignore CASCADE Buffers                                                     ; Off                ; Off                ;
; Ignore GLOBAL Buffers                                                      ; Off                ; Off                ;
; Ignore ROW GLOBAL Buffers                                                  ; Off                ; Off                ;
; Ignore LCELL Buffers                                                       ; Off                ; Off                ;
; Ignore SOFT Buffers                                                        ; On                 ; On                 ;
; Limit AHDL Integers to 32 Bits                                             ; Off                ; Off                ;
; Optimization Technique                                                     ; Balanced           ; Balanced           ;
; Carry Chain Length                                                         ; 70                 ; 70                 ;
; Auto Carry Chains                                                          ; On                 ; On                 ;
; Auto Open-Drain Pins                                                       ; On                 ; On                 ;
; Perform WYSIWYG Primitive Resynthesis                                      ; Off                ; Off                ;
; Auto ROM Replacement                                                       ; On                 ; On                 ;
; Auto RAM Replacement                                                       ; On                 ; On                 ;
; Auto DSP Block Replacement                                                 ; On                 ; On                 ;
; Auto Shift Register Replacement                                            ; Auto               ; Auto               ;
; Allow Shift Register Merging across Hierarchies                            ; Auto               ; Auto               ;
; Auto Clock Enable Replacement                                              ; On                 ; On                 ;
; Strict RAM Replacement                                                     ; Off                ; Off                ;
; Allow Synchronous Control Signals                                          ; On                 ; On                 ;
; Force Use of Synchronous Clear Signals                                     ; Off                ; Off                ;
; Auto RAM Block Balancing                                                   ; On                 ; On                 ;
; Auto RAM to Logic Cell Conversion                                          ; Off                ; Off                ;
; Auto Resource Sharing                                                      ; Off                ; Off                ;
; Allow Any RAM Size For Recognition                                         ; Off                ; Off                ;
; Allow Any ROM Size For Recognition                                         ; Off                ; Off                ;
; Allow Any Shift Register Size For Recognition                              ; Off                ; Off                ;
; Use LogicLock Constraints during Resource Balancing                        ; On                 ; On                 ;
; Ignore translate_off and synthesis_off directives                          ; Off                ; Off                ;
; Timing-Driven Synthesis                                                    ; On                 ; On                 ;
; Report Parameter Settings                                                  ; On                 ; On                 ;
; Report Source Assignments                                                  ; On                 ; On                 ;
; Report Connectivity Checks                                                 ; On                 ; On                 ;
; Ignore Maximum Fan-Out Assignments                                         ; Off                ; Off                ;
; Synchronization Register Chain Length                                      ; 2                  ; 2                  ;
; Power Optimization During Synthesis                                        ; Normal compilation ; Normal compilation ;
; HDL message level                                                          ; Level2             ; Level2             ;
; Suppress Register Optimization Related Messages                            ; Off                ; Off                ;
; Number of Removed Registers Reported in Synthesis Report                   ; 5000               ; 5000               ;
; Number of Swept Nodes Reported in Synthesis Report                         ; 5000               ; 5000               ;
; Number of Inverted Registers Reported in Synthesis Report                  ; 100                ; 100                ;
; Clock MUX Protection                                                       ; On                 ; On                 ;
; Auto Gated Clock Conversion                                                ; Off                ; Off                ;
; Block Design Naming                                                        ; Auto               ; Auto               ;
; SDC constraint protection                                                  ; Off                ; Off                ;
; Synthesis Effort                                                           ; Auto               ; Auto               ;
; Shift Register Replacement - Allow Asynchronous Clear Signal               ; On                 ; On                 ;
; Pre-Mapping Resynthesis Optimization                                       ; Off                ; Off                ;
; Analysis & Synthesis Message Level                                         ; Medium             ; Medium             ;
; Disable Register Merging Across Hierarchies                                ; Auto               ; Auto               ;
; Resource Aware Inference For Block RAM                                     ; On                 ; On                 ;
+----------------------------------------------------------------------------+--------------------+--------------------+


+------------------------------------------+
; Parallel Compilation                     ;
+----------------------------+-------------+
; Processors                 ; Number      ;
+----------------------------+-------------+
; Number detected on machine ; 8           ;
; Maximum allowed            ; 4           ;
;                            ;             ;
; Average used               ; 1.00        ;
; Maximum used               ; 4           ;
;                            ;             ;
; Usage by Processor         ; % Time Used ;
;     Processor 1            ; 100.0%      ;
;     Processors 2-4         ;   0.0%      ;
+----------------------------+-------------+


+--------------------------------------------------------------------------------------------------------------------------------------------------+
; Analysis & Synthesis Source Files Read                                                                                                           ;
+----------------------------------+-----------------+------------------------------------+----------------------------------------------+---------+
; File Name with User-Entered Path ; Used in Netlist ; File Type                          ; File Name with Absolute Path                 ; Library ;
+----------------------------------+-----------------+------------------------------------+----------------------------------------------+---------+
; adder.sv                         ; yes             ; User SystemVerilog HDL File        ; C:/Users/asus/Desktop/Qproject/adder.sv      ;         ;
; register.sv                      ; yes             ; User SystemVerilog HDL File        ; C:/Users/asus/Desktop/Qproject/register.sv   ;         ;
; counter.sv                       ; yes             ; User SystemVerilog HDL File        ; C:/Users/asus/Desktop/Qproject/counter.sv    ;         ;
; andgates.sv                      ; yes             ; User SystemVerilog HDL File        ; C:/Users/asus/Desktop/Qproject/andgates.sv   ;         ;
; avrage.bdf                       ; yes             ; User Block Diagram/Schematic File  ; C:/Users/asus/Desktop/Qproject/avrage.bdf    ;         ;
; controller.sv                    ; yes             ; User SystemVerilog HDL File        ; C:/Users/asus/Desktop/Qproject/controller.sv ;         ;
+----------------------------------+-----------------+------------------------------------+----------------------------------------------+---------+


+--------------------------------------------------+
; Analysis & Synthesis Resource Usage Summary      ;
+--------------------------+-----------------------+
; Resource                 ; Usage                 ;
+--------------------------+-----------------------+
; I/O pins                 ; 26                    ;
;                          ;                       ;
; DSP block 9-bit elements ; 0                     ;
;                          ;                       ;
; Maximum fan-out node     ; controller:inst|ps.00 ;
; Maximum fan-out          ; 2                     ;
; Total fan-out            ; 32                    ;
; Average fan-out          ; 0.59                  ;
+--------------------------+-----------------------+


+--------------------------------------------------------------------------------------------------------------------------------------------------------------------------------------------------------------------------+
; Analysis & Synthesis Resource Utilization by Entity                                                                                                                                                                      ;
+----------------------------+---------------------+---------------------------+-------------+--------------+---------+-----------+-----------+------+--------------+-------------------------+-------------+--------------+
; Compilation Hierarchy Node ; Combinational ALUTs ; Dedicated Logic Registers ; Memory Bits ; DSP Elements ; DSP 9x9 ; DSP 18x18 ; DSP 36x36 ; Pins ; Virtual Pins ; Full Hierarchy Name     ; Entity Name ; Library Name ;
+----------------------------+---------------------+---------------------------+-------------+--------------+---------+-----------+-----------+------+--------------+-------------------------+-------------+--------------+
; |avrage                    ; 1 (0)               ; 1 (0)                     ; 0           ; 0            ; 0       ; 0         ; 0         ; 26   ; 0            ; |avrage                 ; avrage      ; work         ;
;    |controller:inst|       ; 1 (1)               ; 1 (1)                     ; 0           ; 0            ; 0       ; 0         ; 0         ; 0    ; 0            ; |avrage|controller:inst ; controller  ; work         ;
+----------------------------+---------------------+---------------------------+-------------+--------------+---------+-----------+-----------+------+--------------+-------------------------+-------------+--------------+
Note: For table entries with two numbers listed, the numbers in parentheses indicate the number of resources of the given type used by the specific entity alone. The numbers listed outside of parentheses indicate the total resources of the given type used by the specific entity and all of its sub-entities in the hierarchy.


Encoding Type:  One-Hot
+--------------------------------------------+
; State Machine - |avrage|controller:inst|ps ;
+-------+-------+-------+-------+------------+
; Name  ; ps.11 ; ps.10 ; ps.01 ; ps.00      ;
+-------+-------+-------+-------+------------+
; ps.00 ; 0     ; 0     ; 0     ; 0          ;
; ps.01 ; 0     ; 0     ; 1     ; 1          ;
; ps.10 ; 0     ; 1     ; 0     ; 1          ;
; ps.11 ; 1     ; 0     ; 0     ; 1          ;
+-------+-------+-------+-------+------------+


+---------------------------------------------------------------------------------+
; Registers Removed During Synthesis                                              ;
+----------------------------------------+----------------------------------------+
; Register name                          ; Reason for Removal                     ;
+----------------------------------------+----------------------------------------+
; counter:inst5|w[1,2]                   ; Stuck at GND due to stuck port data_in ;
; counter:inst5|w[0]                     ; Lost fanout                            ;
; register:inst1|w[0..10]                ; Lost fanout                            ;
; register:IN|w[0..10]                   ; Lost fanout                            ;
; controller:inst|ps~4                   ; Lost fanout                            ;
; controller:inst|ps~5                   ; Lost fanout                            ;
; controller:inst|ps.01                  ; Lost fanout                            ;
; controller:inst|ps.10                  ; Lost fanout                            ;
; controller:inst|ps.11                  ; Lost fanout                            ;
; Total Number of Removed Registers = 30 ;                                        ;
+----------------------------------------+----------------------------------------+


+-------------------------------------------------------------------------------------------------+
; Removed Registers Triggering Further Register Optimizations                                     ;
+----------------------+---------------------------+----------------------------------------------+
; Register name        ; Reason for Removal        ; Registers Removed due to This Register       ;
+----------------------+---------------------------+----------------------------------------------+
; controller:inst|ps~5 ; Lost Fanouts              ; controller:inst|ps.01, controller:inst|ps.11 ;
; counter:inst5|w[2]   ; Stuck at GND              ; counter:inst5|w[0]                           ;
;                      ; due to stuck port data_in ;                                              ;
; controller:inst|ps~4 ; Lost Fanouts              ; controller:inst|ps.10                        ;
+----------------------+---------------------------+----------------------------------------------+


+------------------------------------------------------+
; General Register Statistics                          ;
+----------------------------------------------+-------+
; Statistic                                    ; Value ;
+----------------------------------------------+-------+
; Total registers                              ; 1     ;
; Number of registers using Synchronous Clear  ; 0     ;
; Number of registers using Synchronous Load   ; 0     ;
; Number of registers using Asynchronous Clear ; 1     ;
; Number of registers using Asynchronous Load  ; 0     ;
; Number of registers using Clock Enable       ; 0     ;
; Number of registers using Preset             ; 0     ;
+----------------------------------------------+-------+


+-----------------------------------------------------+
; Post-Synthesis Netlist Statistics for Top Partition ;
+-----------------------+-----------------------------+
; Type                  ; Count                       ;
+-----------------------+-----------------------------+
; boundary_port         ; 26                          ;
; cycloneiii_ff         ; 1                           ;
;     CLR               ; 1                           ;
; cycloneiii_lcell_comb ; 3                           ;
;     normal            ; 3                           ;
;         0 data inputs ; 1                           ;
;         1 data inputs ; 1                           ;
;         2 data inputs ; 1                           ;
;                       ;                             ;
; Max LUT depth         ; 1.00                        ;
; Average LUT depth     ; 0.57                        ;
+-----------------------+-----------------------------+


+-------------------------------+
; Elapsed Time Per Partition    ;
+----------------+--------------+
; Partition Name ; Elapsed Time ;
+----------------+--------------+
; Top            ; 00:00:01     ;
+----------------+--------------+


+-------------------------------+
; Analysis & Synthesis Messages ;
+-------------------------------+
Info: *******************************************************************
Info: Running Quartus Prime Analysis & Synthesis
    Info: Version 17.1.0 Build 590 10/25/2017 SJ Lite Edition
    Info: Processing started: Wed May 16 21:48:44 2018
Info: Command: quartus_map --read_settings_files=on --write_settings_files=off avrage -c avrage
Warning (18236): Number of processors has not been specified which may cause overloading on shared machines.  Set the global assignment NUM_PARALLEL_PROCESSORS in your QSF to an appropriate value for best performance.
Info (20030): Parallel compilation is enabled and will use 4 of the 4 processors detected
Info (12021): Found 1 design units, including 1 entities, in source file adder.sv
    Info (12023): Found entity 1: adder File: C:/Users/asus/Desktop/Qproject/adder.sv Line: 3
Info (12021): Found 1 design units, including 1 entities, in source file register.sv
    Info (12023): Found entity 1: register File: C:/Users/asus/Desktop/Qproject/register.sv Line: 3
Info (12021): Found 1 design units, including 1 entities, in source file counter.sv
    Info (12023): Found entity 1: counter File: C:/Users/asus/Desktop/Qproject/counter.sv Line: 3
Info (12021): Found 1 design units, including 1 entities, in source file andgates.sv
    Info (12023): Found entity 1: andgates File: C:/Users/asus/Desktop/Qproject/andgates.sv Line: 3
Info (12021): Found 1 design units, including 1 entities, in source file avrage.bdf
    Info (12023): Found entity 1: avrage
Info (12021): Found 1 design units, including 1 entities, in source file controller.sv
    Info (12023): Found entity 1: controller File: C:/Users/asus/Desktop/Qproject/controller.sv Line: 3
Info (12127): Elaborating entity "avrage" for the top level hierarchy
Info (12128): Elaborating entity "controller" for hierarchy "controller:inst"
Info (12128): Elaborating entity "counter" for hierarchy "counter:inst5"
Warning (10230): Verilog HDL assignment warning at counter.sv(9): truncated value with size 32 to match size of target (3) File: C:/Users/asus/Desktop/Qproject/counter.sv Line: 9
Info (12128): Elaborating entity "andgates" for hierarchy "andgates:inst4"
Warning (10739): Verilog HDL warning at andgates.sv(14): actual bit length 32 differs from formal bit length 1 File: C:/Users/asus/Desktop/Qproject/andgates.sv Line: 14
Warning (10739): Verilog HDL warning at andgates.sv(15): actual bit length 32 differs from formal bit length 1 File: C:/Users/asus/Desktop/Qproject/andgates.sv Line: 15
Warning (10739): Verilog HDL warning at andgates.sv(16): actual bit length 32 differs from formal bit length 1 File: C:/Users/asus/Desktop/Qproject/andgates.sv Line: 16
Info (12128): Elaborating entity "adder" for hierarchy "adder:inst2"
Info (12128): Elaborating entity "register" for hierarchy "register:IN"
Warning (13024): Output pins are stuck at VCC or GND
    Warning (13410): Pin "w[10]" is stuck at GND
    Warning (13410): Pin "w[9]" is stuck at GND
    Warning (13410): Pin "w[8]" is stuck at GND
    Warning (13410): Pin "w[7]" is stuck at GND
    Warning (13410): Pin "w[6]" is stuck at GND
    Warning (13410): Pin "w[5]" is stuck at GND
    Warning (13410): Pin "w[4]" is stuck at GND
    Warning (13410): Pin "w[3]" is stuck at GND
    Warning (13410): Pin "w[2]" is stuck at GND
    Warning (13410): Pin "w[1]" is stuck at GND
    Warning (13410): Pin "w[0]" is stuck at GND
Info (286030): Timing-Driven Synthesis is running
Info (17049): 28 registers lost all their fanouts during netlist optimizations.
Info (144001): Generated suppressed messages file C:/Users/asus/Desktop/Qproject/output_files/avrage.map.smsg
Info (16010): Generating hard_block partition "hard_block:auto_generated_inst"
    Info (16011): Adding 0 node(s), including 0 DDIO, 0 PLL, 0 transceiver and 0 LCELL
Warning (21074): Design contains 11 input pin(s) that do not drive logic
    Warning (15610): No output dependent on input pin "DATAin[10]"
    Warning (15610): No output dependent on input pin "DATAin[9]"
    Warning (15610): No output dependent on input pin "DATAin[8]"
    Warning (15610): No output dependent on input pin "DATAin[7]"
    Warning (15610): No output dependent on input pin "DATAin[6]"
    Warning (15610): No output dependent on input pin "DATAin[5]"
    Warning (15610): No output dependent on input pin "DATAin[4]"
    Warning (15610): No output dependent on input pin "DATAin[3]"
    Warning (15610): No output dependent on input pin "DATAin[2]"
    Warning (15610): No output dependent on input pin "DATAin[1]"
    Warning (15610): No output dependent on input pin "DATAin[0]"
Info (21057): Implemented 27 device resources after synthesis - the final resource count might be different
    Info (21058): Implemented 14 input pins
    Info (21059): Implemented 12 output pins
    Info (21061): Implemented 1 logic cells
Info: Quartus Prime Analysis & Synthesis was successful. 0 errors, 29 warnings
    Info: Peak virtual memory: 726 megabytes
    Info: Processing ended: Wed May 16 21:49:00 2018
    Info: Elapsed time: 00:00:16
    Info: Total CPU time (on all processors): 00:00:36


+------------------------------------------+
; Analysis & Synthesis Suppressed Messages ;
+------------------------------------------+
The suppressed messages can be found in C:/Users/asus/Desktop/Qproject/output_files/avrage.map.smsg.


